  Determining projects to restore...
  All projects are up-to-date for restore.
  AgentCore -> D:\CodeBase\AgentCore-Main\AgentCore\bin\Debug\net8.0\AgentCore.dll
  AgentCore.OpenAI -> D:\CodeBase\AgentCore-Main\AgentCore.OpenAI\bin\Debug\net8.0\AgentCore.OpenAI.dll
C:\Program Files\dotnet\sdk\10.0.103\Microsoft.Common.CurrentVersion.targets(5080,5): warning MSB3026: Could not copy "D:\CodeBase\AgentCore-Main\AgentCore.OpenAI\bin\Debug\net8.0\AgentCore.OpenAI.dll" to "bin\Debug\net9.0\AgentCore.OpenAI.dll". Beginning retry 1 in 1000ms. The process cannot access the file 'D:\CodeBase\AgentCore-Main\TestApp\bin\Debug\net9.0\AgentCore.OpenAI.dll' because it is being used by another process. The file is locked by: "TestApp (66716)" [D:\CodeBase\AgentCore-Main\TestApp\TestApp.csproj]
C:\Program Files\dotnet\sdk\10.0.103\Microsoft.Common.CurrentVersion.targets(5080,5): warning MSB3026: Could not copy "D:\CodeBase\AgentCore-Main\AgentCore\bin\Debug\net8.0\AgentCore.dll" to "bin\Debug\net9.0\AgentCore.dll". Beginning retry 1 in 1000ms. The process cannot access the file 'D:\CodeBase\AgentCore-Main\TestApp\bin\Debug\net9.0\AgentCore.dll' because it is being used by another process. The file is locked by: "TestApp (66716)" [D:\CodeBase\AgentCore-Main\TestApp\TestApp.csproj]
C:\Program Files\dotnet\sdk\10.0.103\Microsoft.Common.CurrentVersion.targets(5080,5): warning MSB3026: Could not copy "D:\CodeBase\AgentCore-Main\AgentCore\bin\Debug\net8.0\AgentCore.dll" to "bin\Debug\net9.0\AgentCore.dll". Beginning retry 2 in 1000ms. The process cannot access the file 'D:\CodeBase\AgentCore-Main\TestApp\bin\Debug\net9.0\AgentCore.dll' because it is being used by another process. The file is locked by: "TestApp (66716)" [D:\CodeBase\AgentCore-Main\TestApp\TestApp.csproj]
C:\Program Files\dotnet\sdk\10.0.103\Microsoft.Common.CurrentVersion.targets(5080,5): warning MSB3026: Could not copy "D:\CodeBase\AgentCore-Main\AgentCore.OpenAI\bin\Debug\net8.0\AgentCore.OpenAI.dll" to "bin\Debug\net9.0\AgentCore.OpenAI.dll". Beginning retry 2 in 1000ms. The process cannot access the file 'D:\CodeBase\AgentCore-Main\TestApp\bin\Debug\net9.0\AgentCore.OpenAI.dll' because it is being used by another process. The file is locked by: "TestApp (66716)" [D:\CodeBase\AgentCore-Main\TestApp\TestApp.csproj]
C:\Program Files\dotnet\sdk\10.0.103\Microsoft.Common.CurrentVersion.targets(5080,5): warning MSB3026: Could not copy "D:\CodeBase\AgentCore-Main\AgentCore.OpenAI\bin\Debug\net8.0\AgentCore.OpenAI.dll" to "bin\Debug\net9.0\AgentCore.OpenAI.dll". Beginning retry 3 in 1000ms. The process cannot access the file 'D:\CodeBase\AgentCore-Main\TestApp\bin\Debug\net9.0\AgentCore.OpenAI.dll' because it is being used by another process. The file is locked by: "TestApp (66716)" [D:\CodeBase\AgentCore-Main\TestApp\TestApp.csproj]
C:\Program Files\dotnet\sdk\10.0.103\Microsoft.Common.CurrentVersion.targets(5080,5): warning MSB3026: Could not copy "D:\CodeBase\AgentCore-Main\AgentCore\bin\Debug\net8.0\AgentCore.dll" to "bin\Debug\net9.0\AgentCore.dll". Beginning retry 3 in 1000ms. The process cannot access the file 'D:\CodeBase\AgentCore-Main\TestApp\bin\Debug\net9.0\AgentCore.dll' because it is being used by another process. The file is locked by: "TestApp (66716)" [D:\CodeBase\AgentCore-Main\TestApp\TestApp.csproj]
C:\Program Files\dotnet\sdk\10.0.103\Microsoft.Common.CurrentVersion.targets(5080,5): warning MSB3026: Could not copy "D:\CodeBase\AgentCore-Main\AgentCore\bin\Debug\net8.0\AgentCore.dll" to "bin\Debug\net9.0\AgentCore.dll". Beginning retry 4 in 1000ms. The process cannot access the file 'D:\CodeBase\AgentCore-Main\TestApp\bin\Debug\net9.0\AgentCore.dll' because it is being used by another process. The file is locked by: "TestApp (66716)" [D:\CodeBase\AgentCore-Main\TestApp\TestApp.csproj]
C:\Program Files\dotnet\sdk\10.0.103\Microsoft.Common.CurrentVersion.targets(5080,5): warning MSB3026: Could not copy "D:\CodeBase\AgentCore-Main\AgentCore.OpenAI\bin\Debug\net8.0\AgentCore.OpenAI.dll" to "bin\Debug\net9.0\AgentCore.OpenAI.dll". Beginning retry 4 in 1000ms. The process cannot access the file 'D:\CodeBase\AgentCore-Main\TestApp\bin\Debug\net9.0\AgentCore.OpenAI.dll' because it is being used by another process. The file is locked by: "TestApp (66716)" [D:\CodeBase\AgentCore-Main\TestApp\TestApp.csproj]
C:\Program Files\dotnet\sdk\10.0.103\Microsoft.Common.CurrentVersion.targets(5080,5): warning MSB3026: Could not copy "D:\CodeBase\AgentCore-Main\AgentCore\bin\Debug\net8.0\AgentCore.dll" to "bin\Debug\net9.0\AgentCore.dll". Beginning retry 5 in 1000ms. The process cannot access the file 'D:\CodeBase\AgentCore-Main\TestApp\bin\Debug\net9.0\AgentCore.dll' because it is being used by another process. The file is locked by: "TestApp (66716)" [D:\CodeBase\AgentCore-Main\TestApp\TestApp.csproj]
C:\Program Files\dotnet\sdk\10.0.103\Microsoft.Common.CurrentVersion.targets(5080,5): warning MSB3026: Could not copy "D:\CodeBase\AgentCore-Main\AgentCore.OpenAI\bin\Debug\net8.0\AgentCore.OpenAI.dll" to "bin\Debug\net9.0\AgentCore.OpenAI.dll". Beginning retry 5 in 1000ms. The process cannot access the file 'D:\CodeBase\AgentCore-Main\TestApp\bin\Debug\net9.0\AgentCore.OpenAI.dll' because it is being used by another process. The file is locked by: "TestApp (66716)" [D:\CodeBase\AgentCore-Main\TestApp\TestApp.csproj]
C:\Program Files\dotnet\sdk\10.0.103\Microsoft.Common.CurrentVersion.targets(5080,5): warning MSB3026: Could not copy "D:\CodeBase\AgentCore-Main\AgentCore\bin\Debug\net8.0\AgentCore.dll" to "bin\Debug\net9.0\AgentCore.dll". Beginning retry 6 in 1000ms. The process cannot access the file 'D:\CodeBase\AgentCore-Main\TestApp\bin\Debug\net9.0\AgentCore.dll' because it is being used by another process. The file is locked by: "TestApp (66716)" [D:\CodeBase\AgentCore-Main\TestApp\TestApp.csproj]
C:\Program Files\dotnet\sdk\10.0.103\Microsoft.Common.CurrentVersion.targets(5080,5): warning MSB3026: Could not copy "D:\CodeBase\AgentCore-Main\AgentCore.OpenAI\bin\Debug\net8.0\AgentCore.OpenAI.dll" to "bin\Debug\net9.0\AgentCore.OpenAI.dll". Beginning retry 6 in 1000ms. The process cannot access the file 'D:\CodeBase\AgentCore-Main\TestApp\bin\Debug\net9.0\AgentCore.OpenAI.dll' because it is being used by another process. The file is locked by: "TestApp (66716)" [D:\CodeBase\AgentCore-Main\TestApp\TestApp.csproj]
C:\Program Files\dotnet\sdk\10.0.103\Microsoft.Common.CurrentVersion.targets(5080,5): warning MSB3026: Could not copy "D:\CodeBase\AgentCore-Main\AgentCore.OpenAI\bin\Debug\net8.0\AgentCore.OpenAI.dll" to "bin\Debug\net9.0\AgentCore.OpenAI.dll". Beginning retry 7 in 1000ms. The process cannot access the file 'D:\CodeBase\AgentCore-Main\TestApp\bin\Debug\net9.0\AgentCore.OpenAI.dll' because it is being used by another process. The file is locked by: "TestApp (66716)" [D:\CodeBase\AgentCore-Main\TestApp\TestApp.csproj]
C:\Program Files\dotnet\sdk\10.0.103\Microsoft.Common.CurrentVersion.targets(5080,5): warning MSB3026: Could not copy "D:\CodeBase\AgentCore-Main\AgentCore\bin\Debug\net8.0\AgentCore.dll" to "bin\Debug\net9.0\AgentCore.dll". Beginning retry 7 in 1000ms. The process cannot access the file 'D:\CodeBase\AgentCore-Main\TestApp\bin\Debug\net9.0\AgentCore.dll' because it is being used by another process. The file is locked by: "TestApp (66716)" [D:\CodeBase\AgentCore-Main\TestApp\TestApp.csproj]
C:\Program Files\dotnet\sdk\10.0.103\Microsoft.Common.CurrentVersion.targets(5080,5): warning MSB3026: Could not copy "D:\CodeBase\AgentCore-Main\AgentCore.OpenAI\bin\Debug\net8.0\AgentCore.OpenAI.dll" to "bin\Debug\net9.0\AgentCore.OpenAI.dll". Beginning retry 8 in 1000ms. The process cannot access the file 'D:\CodeBase\AgentCore-Main\TestApp\bin\Debug\net9.0\AgentCore.OpenAI.dll' because it is being used by another process. The file is locked by: "TestApp (66716)" [D:\CodeBase\AgentCore-Main\TestApp\TestApp.csproj]
C:\Program Files\dotnet\sdk\10.0.103\Microsoft.Common.CurrentVersion.targets(5080,5): warning MSB3026: Could not copy "D:\CodeBase\AgentCore-Main\AgentCore\bin\Debug\net8.0\AgentCore.dll" to "bin\Debug\net9.0\AgentCore.dll". Beginning retry 8 in 1000ms. The process cannot access the file 'D:\CodeBase\AgentCore-Main\TestApp\bin\Debug\net9.0\AgentCore.dll' because it is being used by another process. The file is locked by: "TestApp (66716)" [D:\CodeBase\AgentCore-Main\TestApp\TestApp.csproj]
C:\Program Files\dotnet\sdk\10.0.103\Microsoft.Common.CurrentVersion.targets(5080,5): warning MSB3026: Could not copy "D:\CodeBase\AgentCore-Main\AgentCore.OpenAI\bin\Debug\net8.0\AgentCore.OpenAI.dll" to "bin\Debug\net9.0\AgentCore.OpenAI.dll". Beginning retry 9 in 1000ms. The process cannot access the file 'D:\CodeBase\AgentCore-Main\TestApp\bin\Debug\net9.0\AgentCore.OpenAI.dll' because it is being used by another process. The file is locked by: "TestApp (66716)" [D:\CodeBase\AgentCore-Main\TestApp\TestApp.csproj]
C:\Program Files\dotnet\sdk\10.0.103\Microsoft.Common.CurrentVersion.targets(5080,5): warning MSB3026: Could not copy "D:\CodeBase\AgentCore-Main\AgentCore\bin\Debug\net8.0\AgentCore.dll" to "bin\Debug\net9.0\AgentCore.dll". Beginning retry 9 in 1000ms. The process cannot access the file 'D:\CodeBase\AgentCore-Main\TestApp\bin\Debug\net9.0\AgentCore.dll' because it is being used by another process. The file is locked by: "TestApp (66716)" [D:\CodeBase\AgentCore-Main\TestApp\TestApp.csproj]
C:\Program Files\dotnet\sdk\10.0.103\Microsoft.Common.CurrentVersion.targets(5080,5): warning MSB3026: Could not copy "D:\CodeBase\AgentCore-Main\AgentCore\bin\Debug\net8.0\AgentCore.dll" to "bin\Debug\net9.0\AgentCore.dll". Beginning retry 10 in 1000ms. The process cannot access the file 'D:\CodeBase\AgentCore-Main\TestApp\bin\Debug\net9.0\AgentCore.dll' because it is being used by another process. The file is locked by: "TestApp (66716)" [D:\CodeBase\AgentCore-Main\TestApp\TestApp.csproj]
C:\Program Files\dotnet\sdk\10.0.103\Microsoft.Common.CurrentVersion.targets(5080,5): warning MSB3026: Could not copy "D:\CodeBase\AgentCore-Main\AgentCore.OpenAI\bin\Debug\net8.0\AgentCore.OpenAI.dll" to "bin\Debug\net9.0\AgentCore.OpenAI.dll". Beginning retry 10 in 1000ms. The process cannot access the file 'D:\CodeBase\AgentCore-Main\TestApp\bin\Debug\net9.0\AgentCore.OpenAI.dll' because it is being used by another process. The file is locked by: "TestApp (66716)" [D:\CodeBase\AgentCore-Main\TestApp\TestApp.csproj]
C:\Program Files\dotnet\sdk\10.0.103\Microsoft.Common.CurrentVersion.targets(5080,5): error MSB3027: Could not copy "D:\CodeBase\AgentCore-Main\AgentCore.OpenAI\bin\Debug\net8.0\AgentCore.OpenAI.dll" to "bin\Debug\net9.0\AgentCore.OpenAI.dll". Exceeded retry count of 10. Failed. The file is locked by: "TestApp (66716)" [D:\CodeBase\AgentCore-Main\TestApp\TestApp.csproj]
C:\Program Files\dotnet\sdk\10.0.103\Microsoft.Common.CurrentVersion.targets(5080,5): error MSB3021: Unable to copy file "D:\CodeBase\AgentCore-Main\AgentCore.OpenAI\bin\Debug\net8.0\AgentCore.OpenAI.dll" to "bin\Debug\net9.0\AgentCore.OpenAI.dll". The process cannot access the file 'D:\CodeBase\AgentCore-Main\TestApp\bin\Debug\net9.0\AgentCore.OpenAI.dll' because it is being used by another process. [D:\CodeBase\AgentCore-Main\TestApp\TestApp.csproj]
C:\Program Files\dotnet\sdk\10.0.103\Microsoft.Common.CurrentVersion.targets(5080,5): error MSB3027: Could not copy "D:\CodeBase\AgentCore-Main\AgentCore\bin\Debug\net8.0\AgentCore.dll" to "bin\Debug\net9.0\AgentCore.dll". Exceeded retry count of 10. Failed. The file is locked by: "TestApp (66716)" [D:\CodeBase\AgentCore-Main\TestApp\TestApp.csproj]
C:\Program Files\dotnet\sdk\10.0.103\Microsoft.Common.CurrentVersion.targets(5080,5): error MSB3021: Unable to copy file "D:\CodeBase\AgentCore-Main\AgentCore\bin\Debug\net8.0\AgentCore.dll" to "bin\Debug\net9.0\AgentCore.dll". The process cannot access the file 'D:\CodeBase\AgentCore-Main\TestApp\bin\Debug\net9.0\AgentCore.dll' because it is being used by another process. [D:\CodeBase\AgentCore-Main\TestApp\TestApp.csproj]

Build FAILED.

C:\Program Files\dotnet\sdk\10.0.103\Microsoft.Common.CurrentVersion.targets(5080,5): warning MSB3026: Could not copy "D:\CodeBase\AgentCore-Main\AgentCore.OpenAI\bin\Debug\net8.0\AgentCore.OpenAI.dll" to "bin\Debug\net9.0\AgentCore.OpenAI.dll". Beginning retry 1 in 1000ms. The process cannot access the file 'D:\CodeBase\AgentCore-Main\TestApp\bin\Debug\net9.0\AgentCore.OpenAI.dll' because it is being used by another process. The file is locked by: "TestApp (66716)" [D:\CodeBase\AgentCore-Main\TestApp\TestApp.csproj]
C:\Program Files\dotnet\sdk\10.0.103\Microsoft.Common.CurrentVersion.targets(5080,5): warning MSB3026: Could not copy "D:\CodeBase\AgentCore-Main\AgentCore\bin\Debug\net8.0\AgentCore.dll" to "bin\Debug\net9.0\AgentCore.dll". Beginning retry 1 in 1000ms. The process cannot access the file 'D:\CodeBase\AgentCore-Main\TestApp\bin\Debug\net9.0\AgentCore.dll' because it is being used by another process. The file is locked by: "TestApp (66716)" [D:\CodeBase\AgentCore-Main\TestApp\TestApp.csproj]
C:\Program Files\dotnet\sdk\10.0.103\Microsoft.Common.CurrentVersion.targets(5080,5): warning MSB3026: Could not copy "D:\CodeBase\AgentCore-Main\AgentCore\bin\Debug\net8.0\AgentCore.dll" to "bin\Debug\net9.0\AgentCore.dll". Beginning retry 2 in 1000ms. The process cannot access the file 'D:\CodeBase\AgentCore-Main\TestApp\bin\Debug\net9.0\AgentCore.dll' because it is being used by another process. The file is locked by: "TestApp (66716)" [D:\CodeBase\AgentCore-Main\TestApp\TestApp.csproj]
C:\Program Files\dotnet\sdk\10.0.103\Microsoft.Common.CurrentVersion.targets(5080,5): warning MSB3026: Could not copy "D:\CodeBase\AgentCore-Main\AgentCore.OpenAI\bin\Debug\net8.0\AgentCore.OpenAI.dll" to "bin\Debug\net9.0\AgentCore.OpenAI.dll". Beginning retry 2 in 1000ms. The process cannot access the file 'D:\CodeBase\AgentCore-Main\TestApp\bin\Debug\net9.0\AgentCore.OpenAI.dll' because it is being used by another process. The file is locked by: "TestApp (66716)" [D:\CodeBase\AgentCore-Main\TestApp\TestApp.csproj]
C:\Program Files\dotnet\sdk\10.0.103\Microsoft.Common.CurrentVersion.targets(5080,5): warning MSB3026: Could not copy "D:\CodeBase\AgentCore-Main\AgentCore.OpenAI\bin\Debug\net8.0\AgentCore.OpenAI.dll" to "bin\Debug\net9.0\AgentCore.OpenAI.dll". Beginning retry 3 in 1000ms. The process cannot access the file 'D:\CodeBase\AgentCore-Main\TestApp\bin\Debug\net9.0\AgentCore.OpenAI.dll' because it is being used by another process. The file is locked by: "TestApp (66716)" [D:\CodeBase\AgentCore-Main\TestApp\TestApp.csproj]
C:\Program Files\dotnet\sdk\10.0.103\Microsoft.Common.CurrentVersion.targets(5080,5): warning MSB3026: Could not copy "D:\CodeBase\AgentCore-Main\AgentCore\bin\Debug\net8.0\AgentCore.dll" to "bin\Debug\net9.0\AgentCore.dll". Beginning retry 3 in 1000ms. The process cannot access the file 'D:\CodeBase\AgentCore-Main\TestApp\bin\Debug\net9.0\AgentCore.dll' because it is being used by another process. The file is locked by: "TestApp (66716)" [D:\CodeBase\AgentCore-Main\TestApp\TestApp.csproj]
C:\Program Files\dotnet\sdk\10.0.103\Microsoft.Common.CurrentVersion.targets(5080,5): warning MSB3026: Could not copy "D:\CodeBase\AgentCore-Main\AgentCore\bin\Debug\net8.0\AgentCore.dll" to "bin\Debug\net9.0\AgentCore.dll". Beginning retry 4 in 1000ms. The process cannot access the file 'D:\CodeBase\AgentCore-Main\TestApp\bin\Debug\net9.0\AgentCore.dll' because it is being used by another process. The file is locked by: "TestApp (66716)" [D:\CodeBase\AgentCore-Main\TestApp\TestApp.csproj]
C:\Program Files\dotnet\sdk\10.0.103\Microsoft.Common.CurrentVersion.targets(5080,5): warning MSB3026: Could not copy "D:\CodeBase\AgentCore-Main\AgentCore.OpenAI\bin\Debug\net8.0\AgentCore.OpenAI.dll" to "bin\Debug\net9.0\AgentCore.OpenAI.dll". Beginning retry 4 in 1000ms. The process cannot access the file 'D:\CodeBase\AgentCore-Main\TestApp\bin\Debug\net9.0\AgentCore.OpenAI.dll' because it is being used by another process. The file is locked by: "TestApp (66716)" [D:\CodeBase\AgentCore-Main\TestApp\TestApp.csproj]
C:\Program Files\dotnet\sdk\10.0.103\Microsoft.Common.CurrentVersion.targets(5080,5): warning MSB3026: Could not copy "D:\CodeBase\AgentCore-Main\AgentCore\bin\Debug\net8.0\AgentCore.dll" to "bin\Debug\net9.0\AgentCore.dll". Beginning retry 5 in 1000ms. The process cannot access the file 'D:\CodeBase\AgentCore-Main\TestApp\bin\Debug\net9.0\AgentCore.dll' because it is being used by another process. The file is locked by: "TestApp (66716)" [D:\CodeBase\AgentCore-Main\TestApp\TestApp.csproj]
C:\Program Files\dotnet\sdk\10.0.103\Microsoft.Common.CurrentVersion.targets(5080,5): warning MSB3026: Could not copy "D:\CodeBase\AgentCore-Main\AgentCore.OpenAI\bin\Debug\net8.0\AgentCore.OpenAI.dll" to "bin\Debug\net9.0\AgentCore.OpenAI.dll". Beginning retry 5 in 1000ms. The process cannot access the file 'D:\CodeBase\AgentCore-Main\TestApp\bin\Debug\net9.0\AgentCore.OpenAI.dll' because it is being used by another process. The file is locked by: "TestApp (66716)" [D:\CodeBase\AgentCore-Main\TestApp\TestApp.csproj]
C:\Program Files\dotnet\sdk\10.0.103\Microsoft.Common.CurrentVersion.targets(5080,5): warning MSB3026: Could not copy "D:\CodeBase\AgentCore-Main\AgentCore\bin\Debug\net8.0\AgentCore.dll" to "bin\Debug\net9.0\AgentCore.dll". Beginning retry 6 in 1000ms. The process cannot access the file 'D:\CodeBase\AgentCore-Main\TestApp\bin\Debug\net9.0\AgentCore.dll' because it is being used by another process. The file is locked by: "TestApp (66716)" [D:\CodeBase\AgentCore-Main\TestApp\TestApp.csproj]
C:\Program Files\dotnet\sdk\10.0.103\Microsoft.Common.CurrentVersion.targets(5080,5): warning MSB3026: Could not copy "D:\CodeBase\AgentCore-Main\AgentCore.OpenAI\bin\Debug\net8.0\AgentCore.OpenAI.dll" to "bin\Debug\net9.0\AgentCore.OpenAI.dll". Beginning retry 6 in 1000ms. The process cannot access the file 'D:\CodeBase\AgentCore-Main\TestApp\bin\Debug\net9.0\AgentCore.OpenAI.dll' because it is being used by another process. The file is locked by: "TestApp (66716)" [D:\CodeBase\AgentCore-Main\TestApp\TestApp.csproj]
C:\Program Files\dotnet\sdk\10.0.103\Microsoft.Common.CurrentVersion.targets(5080,5): warning MSB3026: Could not copy "D:\CodeBase\AgentCore-Main\AgentCore.OpenAI\bin\Debug\net8.0\AgentCore.OpenAI.dll" to "bin\Debug\net9.0\AgentCore.OpenAI.dll". Beginning retry 7 in 1000ms. The process cannot access the file 'D:\CodeBase\AgentCore-Main\TestApp\bin\Debug\net9.0\AgentCore.OpenAI.dll' because it is being used by another process. The file is locked by: "TestApp (66716)" [D:\CodeBase\AgentCore-Main\TestApp\TestApp.csproj]
C:\Program Files\dotnet\sdk\10.0.103\Microsoft.Common.CurrentVersion.targets(5080,5): warning MSB3026: Could not copy "D:\CodeBase\AgentCore-Main\AgentCore\bin\Debug\net8.0\AgentCore.dll" to "bin\Debug\net9.0\AgentCore.dll". Beginning retry 7 in 1000ms. The process cannot access the file 'D:\CodeBase\AgentCore-Main\TestApp\bin\Debug\net9.0\AgentCore.dll' because it is being used by another process. The file is locked by: "TestApp (66716)" [D:\CodeBase\AgentCore-Main\TestApp\TestApp.csproj]
C:\Program Files\dotnet\sdk\10.0.103\Microsoft.Common.CurrentVersion.targets(5080,5): warning MSB3026: Could not copy "D:\CodeBase\AgentCore-Main\AgentCore.OpenAI\bin\Debug\net8.0\AgentCore.OpenAI.dll" to "bin\Debug\net9.0\AgentCore.OpenAI.dll". Beginning retry 8 in 1000ms. The process cannot access the file 'D:\CodeBase\AgentCore-Main\TestApp\bin\Debug\net9.0\AgentCore.OpenAI.dll' because it is being used by another process. The file is locked by: "TestApp (66716)" [D:\CodeBase\AgentCore-Main\TestApp\TestApp.csproj]
C:\Program Files\dotnet\sdk\10.0.103\Microsoft.Common.CurrentVersion.targets(5080,5): warning MSB3026: Could not copy "D:\CodeBase\AgentCore-Main\AgentCore\bin\Debug\net8.0\AgentCore.dll" to "bin\Debug\net9.0\AgentCore.dll". Beginning retry 8 in 1000ms. The process cannot access the file 'D:\CodeBase\AgentCore-Main\TestApp\bin\Debug\net9.0\AgentCore.dll' because it is being used by another process. The file is locked by: "TestApp (66716)" [D:\CodeBase\AgentCore-Main\TestApp\TestApp.csproj]
C:\Program Files\dotnet\sdk\10.0.103\Microsoft.Common.CurrentVersion.targets(5080,5): warning MSB3026: Could not copy "D:\CodeBase\AgentCore-Main\AgentCore.OpenAI\bin\Debug\net8.0\AgentCore.OpenAI.dll" to "bin\Debug\net9.0\AgentCore.OpenAI.dll". Beginning retry 9 in 1000ms. The process cannot access the file 'D:\CodeBase\AgentCore-Main\TestApp\bin\Debug\net9.0\AgentCore.OpenAI.dll' because it is being used by another process. The file is locked by: "TestApp (66716)" [D:\CodeBase\AgentCore-Main\TestApp\TestApp.csproj]
C:\Program Files\dotnet\sdk\10.0.103\Microsoft.Common.CurrentVersion.targets(5080,5): warning MSB3026: Could not copy "D:\CodeBase\AgentCore-Main\AgentCore\bin\Debug\net8.0\AgentCore.dll" to "bin\Debug\net9.0\AgentCore.dll". Beginning retry 9 in 1000ms. The process cannot access the file 'D:\CodeBase\AgentCore-Main\TestApp\bin\Debug\net9.0\AgentCore.dll' because it is being used by another process. The file is locked by: "TestApp (66716)" [D:\CodeBase\AgentCore-Main\TestApp\TestApp.csproj]
C:\Program Files\dotnet\sdk\10.0.103\Microsoft.Common.CurrentVersion.targets(5080,5): warning MSB3026: Could not copy "D:\CodeBase\AgentCore-Main\AgentCore\bin\Debug\net8.0\AgentCore.dll" to "bin\Debug\net9.0\AgentCore.dll". Beginning retry 10 in 1000ms. The process cannot access the file 'D:\CodeBase\AgentCore-Main\TestApp\bin\Debug\net9.0\AgentCore.dll' because it is being used by another process. The file is locked by: "TestApp (66716)" [D:\CodeBase\AgentCore-Main\TestApp\TestApp.csproj]
C:\Program Files\dotnet\sdk\10.0.103\Microsoft.Common.CurrentVersion.targets(5080,5): warning MSB3026: Could not copy "D:\CodeBase\AgentCore-Main\AgentCore.OpenAI\bin\Debug\net8.0\AgentCore.OpenAI.dll" to "bin\Debug\net9.0\AgentCore.OpenAI.dll". Beginning retry 10 in 1000ms. The process cannot access the file 'D:\CodeBase\AgentCore-Main\TestApp\bin\Debug\net9.0\AgentCore.OpenAI.dll' because it is being used by another process. The file is locked by: "TestApp (66716)" [D:\CodeBase\AgentCore-Main\TestApp\TestApp.csproj]
C:\Program Files\dotnet\sdk\10.0.103\Microsoft.Common.CurrentVersion.targets(5080,5): error MSB3027: Could not copy "D:\CodeBase\AgentCore-Main\AgentCore.OpenAI\bin\Debug\net8.0\AgentCore.OpenAI.dll" to "bin\Debug\net9.0\AgentCore.OpenAI.dll". Exceeded retry count of 10. Failed. The file is locked by: "TestApp (66716)" [D:\CodeBase\AgentCore-Main\TestApp\TestApp.csproj]
C:\Program Files\dotnet\sdk\10.0.103\Microsoft.Common.CurrentVersion.targets(5080,5): error MSB3021: Unable to copy file "D:\CodeBase\AgentCore-Main\AgentCore.OpenAI\bin\Debug\net8.0\AgentCore.OpenAI.dll" to "bin\Debug\net9.0\AgentCore.OpenAI.dll". The process cannot access the file 'D:\CodeBase\AgentCore-Main\TestApp\bin\Debug\net9.0\AgentCore.OpenAI.dll' because it is being used by another process. [D:\CodeBase\AgentCore-Main\TestApp\TestApp.csproj]
C:\Program Files\dotnet\sdk\10.0.103\Microsoft.Common.CurrentVersion.targets(5080,5): error MSB3027: Could not copy "D:\CodeBase\AgentCore-Main\AgentCore\bin\Debug\net8.0\AgentCore.dll" to "bin\Debug\net9.0\AgentCore.dll". Exceeded retry count of 10. Failed. The file is locked by: "TestApp (66716)" [D:\CodeBase\AgentCore-Main\TestApp\TestApp.csproj]
C:\Program Files\dotnet\sdk\10.0.103\Microsoft.Common.CurrentVersion.targets(5080,5): error MSB3021: Unable to copy file "D:\CodeBase\AgentCore-Main\AgentCore\bin\Debug\net8.0\AgentCore.dll" to "bin\Debug\net9.0\AgentCore.dll". The process cannot access the file 'D:\CodeBase\AgentCore-Main\TestApp\bin\Debug\net9.0\AgentCore.dll' because it is being used by another process. [D:\CodeBase\AgentCore-Main\TestApp\TestApp.csproj]
    20 Warning(s)
    4 Error(s)

Time Elapsed 00:00:13.19
